<<< Link: 4 >>>
Time                     AS5s
hr:min                  UG/M2
-------       ---------------
   0:00              0.000000

<<< Link: 5 >>>
Time                     AS5s
hr:min                  UG/M2
-------       ---------------
   0:00              0.000000

<<< Link: 4 >>>
Time                     AS5s
hr:min                  UG/M2
-------       ---------------
   8:00              0.000207

<<< Link: 5 >>>
Time                     AS5s
hr:min                  UG/M2
-------       ---------------
   8:00              0.000129

<<< Link: 4 >>>
Time                     AS5s
hr:min                  UG/M2
-------       ---------------
  16:00              0.000181

<<< Link: 5 >>>
Time                     AS5s
hr:min                  UG/M2
-------       ---------------
  16:00              0.000086

<<< Link: 4 >>>
Time                     AS5s
hr:min                  UG/M2
-------       ---------------
  24:00              0.000115

<<< Link: 5 >>>
Time                     AS5s
hr:min                  UG/M2
-------       ---------------
  24:00              0.000037

<<< Link: 4 >>>
Time                     AS5s
hr:min                  UG/M2
-------       ---------------
  32:00              0.030866

<<< Link: 5 >>>
Time                     AS5s
hr:min                  UG/M2
-------       ---------------
  32:00              0.540241

<<< Link: 4 >>>
Time                     AS5s
hr:min                  UG/M2
-------       ---------------
  40:00              1.295811

<<< Link: 5 >>>
Time                     AS5s
hr:min                  UG/M2
-------       ---------------
  40:00              3.698308

<<< Link: 4 >>>
Time                     AS5s
hr:min                  UG/M2
-------       ---------------
  48:00              3.351228

<<< Link: 5 >>>
Time                     AS5s
hr:min                  UG/M2
-------       ---------------
  48:00              6.910037

<<< Link: 4 >>>
Time                     AS5s
hr:min                  UG/M2
-------       ---------------
  56:00              5.379751

<<< Link: 5 >>>
Time                     AS5s
hr:min                  UG/M2
-------       ---------------
  56:00              10.121969

<<< Link: 4 >>>
Time                     AS5s
hr:min                  UG/M2
-------       ---------------
  64:00              7.354429

<<< Link: 5 >>>
Time                     AS5s
hr:min                  UG/M2
-------       ---------------
  64:00              13.334996

<<< Link: 4 >>>
Time                     AS5s
hr:min                  UG/M2
-------       ---------------
  72:00              9.282105

<<< Link: 5 >>>
Time                     AS5s
hr:min                  UG/M2
-------       ---------------
  72:00              16.547611

<<< Link: 4 >>>
Time                     AS5s
hr:min                  UG/M2
-------       ---------------
  80:00              11.187452

<<< Link: 5 >>>
Time                     AS5s
hr:min                  UG/M2
-------       ---------------
  80:00              19.760487

